// Jest Snapshot v1, https://jestjs.io/docs/snapshot-testing

exports[`atomizeChangeset and unatomizeChangeset gets key name for flattening when using a key function 1`] = `
[
  {
    "key": "2",
    "path": "$.items[?(@._id=='2')]",
    "type": "ADD",
    "value": {
      "_id": "2",
    },
    "valueType": "Object",
  },
  {
    "key": "1",
    "path": "$.items[?(@._id=='1')]",
    "type": "REMOVE",
    "value": {
      "_id": "1",
    },
    "valueType": "Object",
  },
]
`;
